Archive member included to satisfy reference by file (symbol)

C:/Program Files/STMicroelectronics/STM32CubeCLT_1.16.0/GNU-tools-for-STM32/bin/../lib/gcc/arm-none-eabi/12.3.1/../../../../arm-none-eabi/lib/thumb/v8-m.main+fp/hard\libc_nano.a(libc_a-exit.o)
                              C:/Program Files/STMicroelectronics/STM32CubeCLT_1.16.0/GNU-tools-for-STM32/bin/../lib/gcc/arm-none-eabi/12.3.1/../../../../arm-none-eabi/lib/thumb/v8-m.main+fp/hard/crt0.o (exit)
C:/Program Files/STMicroelectronics/STM32CubeCLT_1.16.0/GNU-tools-for-STM32/bin/../lib/gcc/arm-none-eabi/12.3.1/../../../../arm-none-eabi/lib/thumb/v8-m.main+fp/hard\libc_nano.a(libc_a-findfp.o)
                              C:/Program Files/STMicroelectronics/STM32CubeCLT_1.16.0/GNU-tools-for-STM32/bin/../lib/gcc/arm-none-eabi/12.3.1/../../../../arm-none-eabi/lib/thumb/v8-m.main+fp/hard\libc_nano.a(libc_a-exit.o) (__stdio_exit_handler)
C:/Program Files/STMicroelectronics/STM32CubeCLT_1.16.0/GNU-tools-for-STM32/bin/../lib/gcc/arm-none-eabi/12.3.1/../../../../arm-none-eabi/lib/thumb/v8-m.main+fp/hard\libc_nano.a(libc_a-fwalk.o)
                              C:/Program Files/STMicroelectronics/STM32CubeCLT_1.16.0/GNU-tools-for-STM32/bin/../lib/gcc/arm-none-eabi/12.3.1/../../../../arm-none-eabi/lib/thumb/v8-m.main+fp/hard\libc_nano.a(libc_a-findfp.o) (_fwalk_sglue)
C:/Program Files/STMicroelectronics/STM32CubeCLT_1.16.0/GNU-tools-for-STM32/bin/../lib/gcc/arm-none-eabi/12.3.1/../../../../arm-none-eabi/lib/thumb/v8-m.main+fp/hard\libc_nano.a(libc_a-stdio.o)
                              C:/Program Files/STMicroelectronics/STM32CubeCLT_1.16.0/GNU-tools-for-STM32/bin/../lib/gcc/arm-none-eabi/12.3.1/../../../../arm-none-eabi/lib/thumb/v8-m.main+fp/hard\libc_nano.a(libc_a-findfp.o) (__sread)
C:/Program Files/STMicroelectronics/STM32CubeCLT_1.16.0/GNU-tools-for-STM32/bin/../lib/gcc/arm-none-eabi/12.3.1/../../../../arm-none-eabi/lib/thumb/v8-m.main+fp/hard\libc_nano.a(libc_a-memset.o)
                              C:/Program Files/STMicroelectronics/STM32CubeCLT_1.16.0/GNU-tools-for-STM32/bin/../lib/gcc/arm-none-eabi/12.3.1/../../../../arm-none-eabi/lib/thumb/v8-m.main+fp/hard/crt0.o (memset)
C:/Program Files/STMicroelectronics/STM32CubeCLT_1.16.0/GNU-tools-for-STM32/bin/../lib/gcc/arm-none-eabi/12.3.1/../../../../arm-none-eabi/lib/thumb/v8-m.main+fp/hard\libc_nano.a(libc_a-closer.o)
                              C:/Program Files/STMicroelectronics/STM32CubeCLT_1.16.0/GNU-tools-for-STM32/bin/../lib/gcc/arm-none-eabi/12.3.1/../../../../arm-none-eabi/lib/thumb/v8-m.main+fp/hard\libc_nano.a(libc_a-stdio.o) (_close_r)
C:/Program Files/STMicroelectronics/STM32CubeCLT_1.16.0/GNU-tools-for-STM32/bin/../lib/gcc/arm-none-eabi/12.3.1/../../../../arm-none-eabi/lib/thumb/v8-m.main+fp/hard\libc_nano.a(libc_a-reent.o)
                              C:/Program Files/STMicroelectronics/STM32CubeCLT_1.16.0/GNU-tools-for-STM32/bin/../lib/gcc/arm-none-eabi/12.3.1/../../../../arm-none-eabi/lib/thumb/v8-m.main+fp/hard\libc_nano.a(libc_a-closer.o) (errno)
C:/Program Files/STMicroelectronics/STM32CubeCLT_1.16.0/GNU-tools-for-STM32/bin/../lib/gcc/arm-none-eabi/12.3.1/../../../../arm-none-eabi/lib/thumb/v8-m.main+fp/hard\libc_nano.a(libc_a-impure.o)
                              C:/Program Files/STMicroelectronics/STM32CubeCLT_1.16.0/GNU-tools-for-STM32/bin/../lib/gcc/arm-none-eabi/12.3.1/../../../../arm-none-eabi/lib/thumb/v8-m.main+fp/hard\libc_nano.a(libc_a-reent.o) (_impure_ptr)
C:/Program Files/STMicroelectronics/STM32CubeCLT_1.16.0/GNU-tools-for-STM32/bin/../lib/gcc/arm-none-eabi/12.3.1/../../../../arm-none-eabi/lib/thumb/v8-m.main+fp/hard\libc_nano.a(libc_a-lseekr.o)
                              C:/Program Files/STMicroelectronics/STM32CubeCLT_1.16.0/GNU-tools-for-STM32/bin/../lib/gcc/arm-none-eabi/12.3.1/../../../../arm-none-eabi/lib/thumb/v8-m.main+fp/hard\libc_nano.a(libc_a-stdio.o) (_lseek_r)
C:/Program Files/STMicroelectronics/STM32CubeCLT_1.16.0/GNU-tools-for-STM32/bin/../lib/gcc/arm-none-eabi/12.3.1/../../../../arm-none-eabi/lib/thumb/v8-m.main+fp/hard\libc_nano.a(libc_a-readr.o)
                              C:/Program Files/STMicroelectronics/STM32CubeCLT_1.16.0/GNU-tools-for-STM32/bin/../lib/gcc/arm-none-eabi/12.3.1/../../../../arm-none-eabi/lib/thumb/v8-m.main+fp/hard\libc_nano.a(libc_a-stdio.o) (_read_r)
C:/Program Files/STMicroelectronics/STM32CubeCLT_1.16.0/GNU-tools-for-STM32/bin/../lib/gcc/arm-none-eabi/12.3.1/../../../../arm-none-eabi/lib/thumb/v8-m.main+fp/hard\libc_nano.a(libc_a-writer.o)
                              C:/Program Files/STMicroelectronics/STM32CubeCLT_1.16.0/GNU-tools-for-STM32/bin/../lib/gcc/arm-none-eabi/12.3.1/../../../../arm-none-eabi/lib/thumb/v8-m.main+fp/hard\libc_nano.a(libc_a-stdio.o) (_write_r)
C:/Program Files/STMicroelectronics/STM32CubeCLT_1.16.0/GNU-tools-for-STM32/bin/../lib/gcc/arm-none-eabi/12.3.1/../../../../arm-none-eabi/lib/thumb/v8-m.main+fp/hard\libc_nano.a(libc_a-init.o)
[...]
Memory Configuration

Name             Origin             Length             Attributes
RAM              0x20000000         0x000a0000         xrw
FLASH            0x08000000         0x00200000         xr
*default*        0x00000000         0xffffffff

Linker script and memory map

LOAD C:/Program Files/STMicroelectronics/STM32CubeCLT_1.16.0/GNU-tools-for-STM32/bin/../lib/gcc/arm-none-eabi/12.3.1/thumb/v8-m.main+fp/hard/crti.o
LOAD C:/Program Files/STMicroelectronics/STM32CubeCLT_1.16.0/GNU-tools-for-STM32/bin/../lib/gcc/arm-none-eabi/12.3.1/thumb/v8-m.main+fp/hard/crtbegin.o
LOAD C:/Program Files/STMicroelectronics/STM32CubeCLT_1.16.0/GNU-tools-for-STM32/bin/../lib/gcc/arm-none-eabi/12.3.1/../../../../arm-none-eabi/lib/thumb/v8-m.main+fp/hard/crt0.o
START GROUP
LOAD C:/Program Files/STMicroelectronics/STM32CubeCLT_1.16.0/GNU-tools-for-STM32/bin/../lib/gcc/arm-none-eabi/12.3.1/../../../../arm-none-eabi/lib/thumb/v8-m.main+fp/hard\libc_nano.a
LOAD C:/Program Files/STMicroelectronics/STM32CubeCLT_1.16.0/GNU-tools-for-STM32/bin/../lib/gcc/arm-none-eabi/12.3.1/../../../../arm-none-eabi/lib/thumb/v8-m.main+fp/hard\libm.a
END GROUP
LOAD CMakeFiles/NUCLEO-H563ZI_Demo1.dir/Core/Src/main.c.obj
LOAD CMakeFiles/NUCLEO-H563ZI_Demo1.dir/Core/Src/gpio.c.obj
LOAD CMakeFiles/NUCLEO-H563ZI_Demo1.dir/Core/Src/icache.c.obj
LOAD CMakeFiles/NUCLEO-H563ZI_Demo1.dir/Core/Src/memorymap.c.obj
LOAD CMakeFiles/NUCLEO-H563ZI_Demo1.dir/Core/Src/stm32h5xx_it.c.obj
LOAD CMakeFiles/NUCLEO-H563ZI_Demo1.dir/Core/Src/stm32h5xx_hal_msp.c.obj
LOAD CMakeFiles/NUCLEO-H563ZI_Demo1.dir/Drivers/BSP/STM32H5xx_Nucleo/stm32h5xx_nucleo.c.obj
LOAD CMakeFiles/NUCLEO-H563ZI_Demo1.dir/Drivers/STM32H5xx_HAL_Driver/Src/stm32h5xx_hal_cortex.c.obj
LOAD CMakeFiles/NUCLEO-H563ZI_Demo1.dir/Drivers/STM32H5xx_HAL_Driver/Src/stm32h5xx_hal_icache.c.obj
LOAD CMakeFiles/NUCLEO-H563ZI_Demo1.dir/Drivers/STM32H5xx_HAL_Driver/Src/stm32h5xx_hal_rcc.c.obj
LOAD CMakeFiles/NUCLEO-H563ZI_Demo1.dir/Drivers/STM32H5xx_HAL_Driver/Src/stm32h5xx_hal_rcc_ex.c.obj
LOAD CMakeFiles/NUCLEO-H563ZI_Demo1.dir/Drivers/STM32H5xx_HAL_Driver/Src/stm32h5xx_hal_flash.c.obj
LOAD CMakeFiles/NUCLEO-H563ZI_Demo1.dir/Drivers/STM32H5xx_HAL_Driver/Src/stm32h5xx_hal_flash_ex.c.obj
LOAD CMakeFiles/NUCLEO-H563ZI_Demo1.dir/Drivers/STM32H5xx_HAL_Driver/Src/stm32h5xx_hal_gpio.c.obj
LOAD CMakeFiles/NUCLEO-H563ZI_Demo1.dir/Drivers/STM32H5xx_HAL_Driver/Src/stm32h5xx_hal_dma.c.obj
LOAD CMakeFiles/NUCLEO-H563ZI_Demo1.dir/Drivers/STM32H5xx_HAL_Driver/Src/stm32h5xx_hal_dma_ex.c.obj
LOAD CMakeFiles/NUCLEO-H563ZI_Demo1.dir/Drivers/STM32H5xx_HAL_Driver/Src/stm32h5xx_hal_pwr.c.obj
LOAD CMakeFiles/NUCLEO-H563ZI_Demo1.dir/Drivers/STM32H5xx_HAL_Driver/Src/stm32h5xx_hal_pwr_ex.c.obj
LOAD CMakeFiles/NUCLEO-H563ZI_Demo1.dir/Drivers/STM32H5xx_HAL_Driver/Src/stm32h5xx_hal.c.obj
LOAD CMakeFiles/NUCLEO-H563ZI_Demo1.dir/Drivers/STM32H5xx_HAL_Driver/Src/stm32h5xx_hal_exti.c.obj
LOAD CMakeFiles/NUCLEO-H563ZI_Demo1.dir/Drivers/STM32H5xx_HAL_Driver/Src/stm32h5xx_hal_tim.c.obj
LOAD CMakeFiles/NUCLEO-H563ZI_Demo1.dir/Drivers/STM32H5xx_HAL_Driver/Src/stm32h5xx_hal_tim_ex.c.obj
LOAD CMakeFiles/NUCLEO-H563ZI_Demo1.dir/Drivers/STM32H5xx_HAL_Driver/Src/stm32h5xx_hal_usart.c.obj
LOAD CMakeFiles/NUCLEO-H563ZI_Demo1.dir/Drivers/STM32H5xx_HAL_Driver/Src/stm32h5xx_hal_usart_ex.c.obj
LOAD CMakeFiles/NUCLEO-H563ZI_Demo1.dir/Drivers/STM32H5xx_HAL_Driver/Src/stm32h5xx_hal_uart_ex.c.obj
LOAD CMakeFiles/NUCLEO-H563ZI_Demo1.dir/Drivers/STM32H5xx_HAL_Driver/Src/stm32h5xx_hal_uart.c.obj
LOAD CMakeFiles/NUCLEO-H563ZI_Demo1.dir/Core/Src/system_stm32h5xx.c.obj
LOAD CMakeFiles/NUCLEO-H563ZI_Demo1.dir/Core/Src/sysmem.c.obj
LOAD CMakeFiles/NUCLEO-H563ZI_Demo1.dir/Core/Src/syscalls.c.obj
LOAD CMakeFiles/NUCLEO-H563ZI_Demo1.dir/startup_stm32h563xx.s.obj
START GROUP
LOAD C:/Program Files/STMicroelectronics/STM32CubeCLT_1.16.0/GNU-tools-for-STM32/bin/../lib/gcc/arm-none-eabi/12.3.1/thumb/v8-m.main+fp/hard\libgcc.a
LOAD C:/Program Files/STMicroelectronics/STM32CubeCLT_1.16.0/GNU-tools-for-STM32/bin/../lib/gcc/arm-none-eabi/12.3.1/../../../../arm-none-eabi/lib/thumb/v8-m.main+fp/hard\libg_nano.a
LOAD C:/Program Files/STMicroelectronics/STM32CubeCLT_1.16.0/GNU-tools-for-STM32/bin/../lib/gcc/arm-none-eabi/12.3.1/../../../../arm-none-eabi/lib/thumb/v8-m.main+fp/hard\libc_nano.a
END GROUP
START GROUP
LOAD C:/Program Files/STMicroelectronics/STM32CubeCLT_1.16.0/GNU-tools-for-STM32/bin/../lib/gcc/arm-none-eabi/12.3.1/thumb/v8-m.main+fp/hard\libgcc.a
LOAD C:/Program Files/STMicroelectronics/STM32CubeCLT_1.16.0/GNU-tools-for-STM32/bin/../lib/gcc/arm-none-eabi/12.3.1/../../../../arm-none-eabi/lib/thumb/v8-m.main+fp/hard\libc_nano.a
END GROUP
LOAD C:/Program Files/STMicroelectronics/STM32CubeCLT_1.16.0/GNU-tools-for-STM32/bin/../lib/gcc/arm-none-eabi/12.3.1/thumb/v8-m.main+fp/hard/crtend.o
LOAD C:/Program Files/STMicroelectronics/STM32CubeCLT_1.16.0/GNU-tools-for-STM32/bin/../lib/gcc/arm-none-eabi/12.3.1/thumb/v8-m.main+fp/hard/crtn.o
                0x200a0000                        _estack = (ORIGIN (RAM) + LENGTH (RAM))
                0x00000200                        _Min_Heap_Size = 0x200
                0x00000400                        _Min_Stack_Size = 0x400

.isr_vector     0x08000000      0x24c
                0x08000000                        . = ALIGN (0x4)
 *(.isr_vector)
 .isr_vector    0x08000000      0x24c CMakeFiles/NUCLEO-H563ZI_Demo1.dir/startup_stm32h563xx.s.obj
                0x08000000                g_pfnVectors
                0x0800024c                        . = ALIGN (0x4)

.text           0x0800024c     0x5d3c
                0x0800024c                        . = ALIGN (0x4)
 *(.text)
 .text          0x0800024c       0x40 C:/Program Files/STMicroelectronics/STM32CubeCLT_1.16.0/GNU-tools-for-STM32/bin/../lib/gcc/arm-none-eabi/12.3.1/thumb/v8-m.main+fp/hard/crtbegin.o
 .text          0x0800028c       0x30 C:/Program Files/STMicroelectronics/STM32CubeCLT_1.16.0/GNU-tools-for-STM32/bin/../lib/gcc/arm-none-eabi/12.3.1/thumb/v8-m.main+fp/hard\libgcc.a(_aeabi_uldivmod.o)
                0x0800028c                __aeabi_uldivmod
 .text          0x080002bc      0x2e4 C:/Program Files/STMicroelectronics/STM32CubeCLT_1.16.0/GNU-tools-for-STM32/bin/../lib/gcc/arm-none-eabi/12.3.1/thumb/v8-m.main+fp/hard\libgcc.a(_udivmoddi4.o)
                0x080002bc                __udivmoddi4
 .text          0x080005a0        0x4 C:/Program Files/STMicroelectronics/STM32CubeCLT_1.16.0/GNU-tools-for-STM32/bin/../lib/gcc/arm-none-eabi/12.3.1/thumb/v8-m.main+fp/hard\libgcc.a(_dvmd_tls.o)
                0x080005a0                __aeabi_idiv0
                0x080005a0                __aeabi_ldiv0
 *(.text*)
 .text.memset   0x080005a4       0x10 C:/Program Files/STMicroelectronics/STM32CubeCLT_1.16.0/GNU-tools-for-STM32/bin/../lib/gcc/arm-none-eabi/12.3.1/../../../../arm-none-eabi/lib/thumb/v8-m.main+fp/hard\libc_nano.a(libc_a-memset.o)
                0x080005a4                memset
 .text.__libc_init_array
                0x080005b4       0x48 C:/Program Files/STMicroelectronics/STM32CubeCLT_1.16.0/GNU-tools-for-STM32/bin/../lib/gcc/arm-none-eabi/12.3.1/../../../../arm-none-eabi/lib/thumb/v8-m.main+fp/hard\libc_nano.a(libc_a-init.o)
                0x080005b4                __libc_init_array
 .text.main     0x080005fc       0x9c CMakeFiles/NUCLEO-H563ZI_Demo1.dir/Core/Src/main.c.obj
                0x080005fc                main
 .text.SystemClock_Config
                0x08000698       0xe0 CMakeFiles/NUCLEO-H563ZI_Demo1.dir/Core/Src/main.c.obj
                0x08000698                SystemClock_Config
 .text.Error_Handler
                0x08000778        0xc CMakeFiles/NUCLEO-H563ZI_Demo1.dir/Core/Src/main.c.obj
                0x08000778                Error_Handler
 .text.MX_GPIO_Init
                0x08000784      0x284 CMakeFiles/NUCLEO-H563ZI_Demo1.dir/Core/Src/gpio.c.obj
                0x08000784                MX_GPIO_Init
 .text.MX_ICACHE_Init
                0x08000a08       0x26 CMakeFiles/NUCLEO-H563ZI_Demo1.dir/Core/Src/icache.c.obj
                0x08000a08                MX_ICACHE_Init
 .text.NMI_Handler
                0x08000a2e        0x8 CMakeFiles/NUCLEO-H563ZI_Demo1.dir/Core/Src/stm32h5xx_it.c.obj
                0x08000a2e                NMI_Handler
 .text.HardFault_Handler
                0x08000a36        0x8 CMakeFiles/NUCLEO-H563ZI_Demo1.dir/Core/Src/stm32h5xx_it.c.obj
                0x08000a36                HardFault_Handler
 .text.MemManage_Handler
                0x08000a3e        0x8 CMakeFiles/NUCLEO-H563ZI_Demo1.dir/Core/Src/stm32h5xx_it.c.obj
                0x08000a3e                MemManage_Handler
 .text.BusFault_Handler
                0x08000a46        0x8 CMakeFiles/NUCLEO-H563ZI_Demo1.dir/Core/Src/stm32h5xx_it.c.obj
                0x08000a46                BusFault_Handler
 .text.UsageFault_Handler
                0x08000a4e        0x8 CMakeFiles/NUCLEO-H563ZI_Demo1.dir/Core/Src/stm32h5xx_it.c.obj
                0x08000a4e                UsageFault_Handler
 .text.SVC_Handler
                0x08000a56        0xe CMakeFiles/NUCLEO-H563ZI_Demo1.dir/Core/Src/stm32h5xx_it.c.obj
                0x08000a56                SVC_Handler
 .text.DebugMon_Handler
                0x08000a64        0xe CMakeFiles/NUCLEO-H563ZI_Demo1.dir/Core/Src/stm32h5xx_it.c.obj
                0x08000a64                DebugMon_Handler
 .text.PendSV_Handler
                0x08000a72        0xe CMakeFiles/NUCLEO-H563ZI_Demo1.dir/Core/Src/stm32h5xx_it.c.obj
                0x08000a72                PendSV_Handler
 .text.SysTick_Handler
                0x08000a80        0xc CMakeFiles/NUCLEO-H563ZI_Demo1.dir/Core/Src/stm32h5xx_it.c.obj
                0x08000a80                SysTick_Handler
 .text.EXTI13_IRQHandler
                0x08000a8c       0x4c CMakeFiles/NUCLEO-H563ZI_Demo1.dir/Core/Src/stm32h5xx_it.c.obj
                0x08000a8c                EXTI13_IRQHandler
 .text.HAL_MspInit
                0x08000ad8        0xe CMakeFiles/NUCLEO-H563ZI_Demo1.dir/Core/Src/stm32h5xx_hal_msp.c.obj
                0x08000ad8                HAL_MspInit
 *fill*         0x08000ae6        0x2 
 .text.BSP_LED_Init
                0x08000ae8       0xec CMakeFiles/NUCLEO-H563ZI_Demo1.dir/Drivers/BSP/STM32H5xx_Nucleo/stm32h5xx_nucleo.c.obj
                0x08000ae8                BSP_LED_Init
 .text.BSP_PB_Init
                0x08000bd4       0xf0 CMakeFiles/NUCLEO-H563ZI_Demo1.dir/Drivers/BSP/STM32H5xx_Nucleo/stm32h5xx_nucleo.c.obj
                0x08000bd4                BSP_PB_Init
 .text.BSP_PB_Callback
                0x08000cc4       0x16 CMakeFiles/NUCLEO-H563ZI_Demo1.dir/Drivers/BSP/STM32H5xx_Nucleo/stm32h5xx_nucleo.c.obj
                0x08000cc4                BSP_PB_Callback
 *fill*         0x08000cda        0x2 
 .text.BSP_COM_Init
                0x08000cdc       0x60 CMakeFiles/NUCLEO-H563ZI_Demo1.dir/Drivers/BSP/STM32H5xx_Nucleo/stm32h5xx_nucleo.c.obj
                0x08000cdc                BSP_COM_Init
 .text.MX_USART_Init
                0x08000d3c       0x68 CMakeFiles/NUCLEO-H563ZI_Demo1.dir/Drivers/BSP/STM32H5xx_Nucleo/stm32h5xx_nucleo.c.obj
                0x08000d3c                MX_USART_Init
 .text.BUTTON_USER_EXTI_Callback
                0x08000da4        0xe CMakeFiles/NUCLEO-H563ZI_Demo1.dir/Drivers/BSP/STM32H5xx_Nucleo/stm32h5xx_nucleo.c.obj
 *fill*         0x08000db2        0x2 
 .text.COM1_MspInit
                0x08000db4       0xb0 CMakeFiles/NUCLEO-H563ZI_Demo1.dir/Drivers/BSP/STM32H5xx_Nucleo/stm32h5xx_nucleo.c.obj
 .text.__NVIC_SetPriorityGrouping
                0x08000e64       0x48 CMakeFiles/NUCLEO-H563ZI_Demo1.dir/Drivers/STM32H5xx_HAL_Driver/Src/stm32h5xx_hal_cortex.c.obj
 .text.__NVIC_GetPriorityGrouping
                0x08000eac       0x1c CMakeFiles/NUCLEO-H563ZI_Demo1.dir/Drivers/STM32H5xx_HAL_Driver/Src/stm32h5xx_hal_cortex.c.obj
 .text.__NVIC_EnableIRQ
                0x08000ec8       0x3c CMakeFiles/NUCLEO-H563ZI_Demo1.dir/Drivers/STM32H5xx_HAL_Driver/Src/stm32h5xx_hal_cortex.c.obj
 .text.__NVIC_SetPriority
                0x08000f04       0x54 CMakeFiles/NUCLEO-H563ZI_Demo1.dir/Drivers/STM32H5xx_HAL_Driver/Src/stm32h5xx_hal_cortex.c.obj
 .text.NVIC_EncodePriority
                0x08000f58       0x66 CMakeFiles/NUCLEO-H563ZI_Demo1.dir/Drivers/STM32H5xx_HAL_Driver/Src/stm32h5xx_hal_cortex.c.obj
 .text.HAL_NVIC_SetPriorityGrouping
                0x08000fbe       0x16 CMakeFiles/NUCLEO-H563ZI_Demo1.dir/Drivers/STM32H5xx_HAL_Driver/Src/stm32h5xx_hal_cortex.c.obj
                0x08000fbe                HAL_NVIC_SetPriorityGrouping
 .text.HAL_NVIC_SetPriority
                0x08000fd4       0x34 CMakeFiles/NUCLEO-H563ZI_Demo1.dir/Drivers/STM32H5xx_HAL_Driver/Src/stm32h5xx_hal_cortex.c.obj
                0x08000fd4                HAL_NVIC_SetPriority
 .text.HAL_NVIC_EnableIRQ
                0x08001008       0x1c CMakeFiles/NUCLEO-H563ZI_Demo1.dir/Drivers/STM32H5xx_HAL_Driver/Src/stm32h5xx_hal_cortex.c.obj
                0x08001008                HAL_NVIC_EnableIRQ
 .text.HAL_SYSTICK_Config
                0x08001024       0x44 CMakeFiles/NUCLEO-H563ZI_Demo1.dir/Drivers/STM32H5xx_HAL_Driver/Src/stm32h5xx_hal_cortex.c.obj
                0x08001024                HAL_SYSTICK_Config
 .text.HAL_SYSTICK_CLKSourceConfig
                0x08001068       0xb0 CMakeFiles/NUCLEO-H563ZI_Demo1.dir/Drivers/STM32H5xx_HAL_Driver/Src/stm32h5xx_hal_cortex.c.obj
                0x08001068                HAL_SYSTICK_CLKSourceConfig
 .text.HAL_SYSTICK_GetCLKSourceConfig
                0x08001118       0x6c CMakeFiles/NUCLEO-H563ZI_Demo1.dir/Drivers/STM32H5xx_HAL_Driver/Src/stm32h5xx_hal_cortex.c.obj
                0x08001118                HAL_SYSTICK_GetCLKSourceConfig
 .text.HAL_ICACHE_ConfigAssociativityMode
                0x08001184       0x40 CMakeFiles/NUCLEO-H563ZI_Demo1.dir/Drivers/STM32H5xx_HAL_Driver/Src/stm32h5xx_hal_icache.c.obj
                0x08001184                HAL_ICACHE_ConfigAssociativityMode
 .text.HAL_ICACHE_Enable
                0x080011c4       0x20 CMakeFiles/NUCLEO-H563ZI_Demo1.dir/Drivers/STM32H5xx_HAL_Driver/Src/stm32h5xx_hal_icache.c.obj
                0x080011c4                HAL_ICACHE_Enable
 .text.HAL_RCC_OscConfig
                0x080011e4      0x870 CMakeFiles/NUCLEO-H563ZI_Demo1.dir/Drivers/STM32H5xx_HAL_Driver/Src/stm32h5xx_hal_rcc.c.obj
                0x080011e4                HAL_RCC_OscConfig
 .text.HAL_RCC_ClockConfig
                0x08001a54      0x370 CMakeFiles/NUCLEO-H563ZI_Demo1.dir/Drivers/STM32H5xx_HAL_Driver/Src/stm32h5xx_hal_rcc.c.obj
                0x08001a54                HAL_RCC_ClockConfig
 .text.HAL_RCC_GetSysClockFreq
                0x08001dc4      0x258 CMakeFiles/NUCLEO-H563ZI_Demo1.dir/Drivers/STM32H5xx_HAL_Driver/Src/stm32h5xx_hal_rcc.c.obj
                0x08001dc4                HAL_RCC_GetSysClockFreq
 .text.HAL_RCC_GetHCLKFreq
                0x0800201c       0x38 CMakeFiles/NUCLEO-H563ZI_Demo1.dir/Drivers/STM32H5xx_HAL_Driver/Src/stm32h5xx_hal_rcc.c.obj
                0x0800201c                HAL_RCC_GetHCLKFreq
 .text.HAL_RCC_GetPCLK1Freq
                0x08002054       0x2c CMakeFiles/NUCLEO-H563ZI_Demo1.dir/Drivers/STM32H5xx_HAL_Driver/Src/stm32h5xx_hal_rcc.c.obj
                0x08002054                HAL_RCC_GetPCLK1Freq
 .text.HAL_RCC_GetPCLK2Freq
                0x08002080       0x2c CMakeFiles/NUCLEO-H563ZI_Demo1.dir/Drivers/STM32H5xx_HAL_Driver/Src/stm32h5xx_hal_rcc.c.obj
                0x08002080                HAL_RCC_GetPCLK2Freq
 .text.HAL_RCC_GetPCLK3Freq
                0x080020ac       0x2c CMakeFiles/NUCLEO-H563ZI_Demo1.dir/Drivers/STM32H5xx_HAL_Driver/Src/stm32h5xx_hal_rcc.c.obj
                0x080020ac                HAL_RCC_GetPCLK3Freq
 .text.HAL_RCCEx_GetPLL1ClockFreq
                0x080020d8      0x2d4 CMakeFiles/NUCLEO-H563ZI_Demo1.dir/Drivers/STM32H5xx_HAL_Driver/Src/stm32h5xx_hal_rcc_ex.c.obj
                0x080020d8                HAL_RCCEx_GetPLL1ClockFreq
 .text.HAL_RCCEx_GetPLL2ClockFreq
                0x080023ac      0x2d4 CMakeFiles/NUCLEO-H563ZI_Demo1.dir/Drivers/STM32H5xx_HAL_Driver/Src/stm32h5xx_hal_rcc_ex.c.obj
                0x080023ac                HAL_RCCEx_GetPLL2ClockFreq
 .text.HAL_RCCEx_GetPLL3ClockFreq
                0x08002680      0x2d4 CMakeFiles/NUCLEO-H563ZI_Demo1.dir/Drivers/STM32H5xx_HAL_Driver/Src/stm32h5xx_hal_rcc_ex.c.obj
                0x08002680                HAL_RCCEx_GetPLL3ClockFreq
 .text.HAL_RCCEx_GetPeriphCLKFreq
                0x08002954     0x26b4 CMakeFiles/NUCLEO-H563ZI_Demo1.dir/Drivers/STM32H5xx_HAL_Driver/Src/stm32h5xx_hal_rcc_ex.c.obj
                0x08002954                HAL_RCCEx_GetPeriphCLKFreq
 .text.HAL_GPIO_Init
                0x08005008      0x2a4 CMakeFiles/NUCLEO-H563ZI_Demo1.dir/Drivers/STM32H5xx_HAL_Driver/Src/stm32h5xx_hal_gpio.c.obj
                0x08005008                HAL_GPIO_Init
 .text.HAL_GPIO_WritePin
                0x080052ac       0x30 CMakeFiles/NUCLEO-H563ZI_Demo1.dir/Drivers/STM32H5xx_HAL_Driver/Src/stm32h5xx_hal_gpio.c.obj
                0x080052ac                HAL_GPIO_WritePin
 .text.HAL_GPIO_TogglePin
                0x080052dc       0x34 CMakeFiles/NUCLEO-H563ZI_Demo1.dir/Drivers/STM32H5xx_HAL_Driver/Src/stm32h5xx_hal_gpio.c.obj
                0x080052dc                HAL_GPIO_TogglePin
 .text.HAL_Init
                0x08005310       0x50 CMakeFiles/NUCLEO-H563ZI_Demo1.dir/Drivers/STM32H5xx_HAL_Driver/Src/stm32h5xx_hal.c.obj
                0x08005310                HAL_Init
 .text.HAL_InitTick
                0x08005360       0xec CMakeFiles/NUCLEO-H563ZI_Demo1.dir/Drivers/STM32H5xx_HAL_Driver/Src/stm32h5xx_hal.c.obj
                0x08005360                HAL_InitTick
 .text.HAL_IncTick
                0x0800544c       0x28 CMakeFiles/NUCLEO-H563ZI_Demo1.dir/Drivers/STM32H5xx_HAL_Driver/Src/stm32h5xx_hal.c.obj
                0x0800544c                HAL_IncTick
 .text.HAL_GetTick
                0x08005474       0x18 CMakeFiles/NUCLEO-H563ZI_Demo1.dir/Drivers/STM32H5xx_HAL_Driver/Src/stm32h5xx_hal.c.obj
                0x08005474                HAL_GetTick
 .text.HAL_Delay
                0x0800548c       0x48 CMakeFiles/NUCLEO-H563ZI_Demo1.dir/Drivers/STM32H5xx_HAL_Driver/Src/stm32h5xx_hal.c.obj
                0x0800548c                HAL_Delay
 .text.HAL_EXTI_RegisterCallback
                0x080054d4       0x58 CMakeFiles/NUCLEO-H563ZI_Demo1.dir/Drivers/STM32H5xx_HAL_Driver/Src/stm32h5xx_hal_exti.c.obj
                0x080054d4                HAL_EXTI_RegisterCallback
 .text.HAL_EXTI_GetHandle
                0x0800552c       0x28 CMakeFiles/NUCLEO-H563ZI_Demo1.dir/Drivers/STM32H5xx_HAL_Driver/Src/stm32h5xx_hal_exti.c.obj
                0x0800552c                HAL_EXTI_GetHandle
 .text.HAL_UART_Init
                0x08005554       0xa0 CMakeFiles/NUCLEO-H563ZI_Demo1.dir/Drivers/STM32H5xx_HAL_Driver/Src/stm32h5xx_hal_uart.c.obj
                0x08005554                HAL_UART_Init
 .text.HAL_UART_MspInit
                0x080055f4       0x14 CMakeFiles/NUCLEO-H563ZI_Demo1.dir/Drivers/STM32H5xx_HAL_Driver/Src/stm32h5xx_hal_uart.c.obj
                0x080055f4                HAL_UART_MspInit
 .text.UART_SetConfig
                0x08005608      0x3dc CMakeFiles/NUCLEO-H563ZI_Demo1.dir/Drivers/STM32H5xx_HAL_Driver/Src/stm32h5xx_hal_uart.c.obj
                0x08005608                UART_SetConfig
 .text.UART_AdvFeatureConfig
                0x080059e4      0x144 CMakeFiles/NUCLEO-H563ZI_Demo1.dir/Drivers/STM32H5xx_HAL_Driver/Src/stm32h5xx_hal_uart.c.obj
                0x080059e4                UART_AdvFeatureConfig
 .text.UART_CheckIdleState
                0x08005b28      0x154 CMakeFiles/NUCLEO-H563ZI_Demo1.dir/Drivers/STM32H5xx_HAL_Driver/Src/stm32h5xx_hal_uart.c.obj
                0x08005b28                UART_CheckIdleState
 .text.UART_WaitOnFlagUntilTimeout
                0x08005c7c       0xda CMakeFiles/NUCLEO-H563ZI_Demo1.dir/Drivers/STM32H5xx_HAL_Driver/Src/stm32h5xx_hal_uart.c.obj
                0x08005c7c                UART_WaitOnFlagUntilTimeout
 .text.UART_EndRxTransfer
                0x08005d56       0xcc CMakeFiles/NUCLEO-H563ZI_Demo1.dir/Drivers/STM32H5xx_HAL_Driver/Src/stm32h5xx_hal_uart.c.obj
 *fill*         0x08005e22        0x2 
 .text.SystemInit
                0x08005e24       0xf8 CMakeFiles/NUCLEO-H563ZI_Demo1.dir/Core/Src/system_stm32h5xx.c.obj
                0x08005e24                SystemInit
 .text.Reset_Handler
                0x08005f1c       0x50 CMakeFiles/NUCLEO-H563ZI_Demo1.dir/startup_stm32h563xx.s.obj
                0x08005f1c                Reset_Handler
 .text.Default_Handler
                0x08005f6c        0x2 CMakeFiles/NUCLEO-H563ZI_Demo1.dir/startup_stm32h563xx.s.obj
                0x08005f6c                EXTI2_IRQHandler
                0x08005f6c                TIM8_TRG_COM_IRQHandler
                0x08005f6c                TIM8_CC_IRQHandler
                0x08005f6c                EXTI5_IRQHandler
                0x08005f6c                I3C1_ER_IRQHandler
                0x08005f6c                UART8_IRQHandler
                0x08005f6c                SPI4_IRQHandler
                0x08005f6c                GPDMA2_Channel1_IRQHandler
                0x08005f6c                FLASH_S_IRQHandler
                0x08005f6c                TIM1_CC_IRQHandler
                0x08005f6c                GPDMA2_Channel3_IRQHandler
                0x08005f6c                TAMP_IRQHandler
                0x08005f6c                TIM6_IRQHandler
                0x08005f6c                EXTI12_IRQHandler
                0x08005f6c                CORDIC_IRQHandler
                0x08005f6c                USB_DRD_FS_IRQHandler
                0x08005f6c                EXTI3_IRQHandler
                0x08005f6c                LPTIM4_IRQHandler
                0x08005f6c                GPDMA1_Channel5_IRQHandler
                0x08005f6c                EXTI8_IRQHandler
                0x08005f6c                GPDMA2_Channel5_IRQHandler
                0x08005f6c                LPTIM2_IRQHandler
                0x08005f6c                I2C3_ER_IRQHandler
                0x08005f6c                GPDMA2_Channel2_IRQHandler
                0x08005f6c                USART10_IRQHandler
                0x08005f6c                LPTIM3_IRQHandler
                0x08005f6c                EXTI0_IRQHandler
                0x08005f6c                I2C2_EV_IRQHandler
                0x08005f6c                FPU_IRQHandler
                0x08005f6c                GPDMA1_Channel3_IRQHandler
                0x08005f6c                GPDMA1_Channel7_IRQHandler
                0x08005f6c                FDCAN1_IT1_IRQHandler
                0x08005f6c                RAMCFG_IRQHandler
                0x08005f6c                DCACHE1_IRQHandler
                0x08005f6c                SPI1_IRQHandler
                0x08005f6c                OCTOSPI1_IRQHandler
                0x08005f6c                GPDMA1_Channel2_IRQHandler
                0x08005f6c                TIM8_UP_IRQHandler
                0x08005f6c                RCC_S_IRQHandler
                0x08005f6c                SAI2_IRQHandler
                0x08005f6c                ADC1_IRQHandler
                0x08005f6c                USART6_IRQHandler
                0x08005f6c                EXTI15_IRQHandler
                0x08005f6c                TIM17_IRQHandler
                0x08005f6c                USART3_IRQHandler
                0x08005f6c                RTC_IRQHandler
                0x08005f6c                EXTI9_IRQHandler
                0x08005f6c                LPTIM5_IRQHandler
                0x08005f6c                UART5_IRQHandler
                0x08005f6c                TIM4_IRQHandler
                0x08005f6c                I2C1_EV_IRQHandler
                0x08005f6c                GPDMA1_Channel1_IRQHandler
                0x08005f6c                TIM16_IRQHandler
                0x08005f6c                UART4_IRQHandler
                0x08005f6c                SecureFault_Handler
                0x08005f6c                TIM3_IRQHandler
                0x08005f6c                RCC_IRQHandler
                0x08005f6c                UART9_IRQHandler
                0x08005f6c                TIM1_TRG_COM_IRQHandler
                0x08005f6c                Default_Handler
                0x08005f6c                FMAC_IRQHandler
                0x08005f6c                CEC_IRQHandler
                0x08005f6c                USART11_IRQHandler
                0x08005f6c                TIM14_IRQHandler
                0x08005f6c                TIM13_IRQHandler
                0x08005f6c                GPDMA2_Channel4_IRQHandler
                0x08005f6c                SPI5_IRQHandler
                0x08005f6c                TIM12_IRQHandler
                0x08005f6c                TIM7_IRQHandler
                0x08005f6c                SDMMC1_IRQHandler
                0x08005f6c                TIM5_IRQHandler
                0x08005f6c                UCPD1_IRQHandler
                0x08005f6c                GPDMA1_Channel0_IRQHandler
                0x08005f6c                I3C1_EV_IRQHandler
                0x08005f6c                TIM15_IRQHandler
                0x08005f6c                PVD_AVD_IRQHandler
                0x08005f6c                I2C3_EV_IRQHandler
                0x08005f6c                ETH_WKUP_IRQHandler
                0x08005f6c                ADC2_IRQHandler
                0x08005f6c                SPI2_IRQHandler
                0x08005f6c                EXTI14_IRQHandler
                0x08005f6c                EXTI11_IRQHandler
                0x08005f6c                CRS_IRQHandler
                0x08005f6c                EXTI4_IRQHandler
                0x08005f6c                GPDMA2_Channel0_IRQHandler
                0x08005f6c                RTC_S_IRQHandler
                0x08005f6c                RNG_IRQHandler
                0x08005f6c                FDCAN2_IT1_IRQHandler
                0x08005f6c                ETH_IRQHandler
                0x08005f6c                GPDMA2_Channel6_IRQHandler
                0x08005f6c                TIM1_UP_IRQHandler
                0x08005f6c                UART12_IRQHandler
                0x08005f6c                WWDG_IRQHandler
                0x08005f6c                SPI6_IRQHandler
                0x08005f6c                I2C4_EV_IRQHandler
                0x08005f6c                FDCAN2_IT0_IRQHandler
                0x08005f6c                IWDG_IRQHandler
                0x08005f6c                LPUART1_IRQHandler
                0x08005f6c                FDCAN1_IT0_IRQHandler
                0x08005f6c                TIM2_IRQHandler
                0x08005f6c                GPDMA1_Channel4_IRQHandler
                0x08005f6c                EXTI7_IRQHandler
                0x08005f6c                TIM1_BRK_IRQHandler
                0x08005f6c                EXTI1_IRQHandler
                0x08005f6c                SDMMC2_IRQHandler
                0x08005f6c                LPTIM6_IRQHandler
                0x08005f6c                DAC1_IRQHandler
                0x08005f6c                DTS_IRQHandler
                0x08005f6c                UART7_IRQHandler
                0x08005f6c                GTZC_IRQHandler
                0x08005f6c                USART2_IRQHandler
                0x08005f6c                GPDMA1_Channel6_IRQHandler
                0x08005f6c                GPDMA2_Channel7_IRQHandler
                0x08005f6c                I2C2_ER_IRQHandler
                0x08005f6c                TIM8_BRK_IRQHandler
                0x08005f6c                FLASH_IRQHandler
                0x08005f6c                USART1_IRQHandler
                0x08005f6c                EXTI10_IRQHandler
                0x08005f6c                SPI3_IRQHandler
                0x08005f6c                I2C1_ER_IRQHandler
                0x08005f6c                FMC_IRQHandler
                0x08005f6c                EXTI6_IRQHandler
                0x08005f6c                LPTIM1_IRQHandler
                0x08005f6c                DCMI_PSSI_IRQHandler
                0x08005f6c                I2C4_ER_IRQHandler
                0x08005f6c                ICACHE_IRQHandler
                0x08005f6c                SAI1_IRQHandler
                0x08005f6c                HASH_IRQHandler
 *(.glue_7)
 .glue_7        0x08005f6e        0x0 linker stubs
 *(.glue_7t)
 .glue_7t       0x08005f6e        0x0 linker stubs
 *(.eh_frame)
 *fill*         0x08005f6e        0x2 
 .eh_frame      0x08005f70        0x0 C:/Program Files/STMicroelectronics/STM32CubeCLT_1.16.0/GNU-tools-for-STM32/bin/../lib/gcc/arm-none-eabi/12.3.1/thumb/v8-m.main+fp/hard/crtbegin.o
 *(.init)
 .init          0x08005f70        0x4 C:/Program Files/STMicroelectronics/STM32CubeCLT_1.16.0/GNU-tools-for-STM32/bin/../lib/gcc/arm-none-eabi/12.3.1/thumb/v8-m.main+fp/hard/crti.o
                0x08005f70                _init
 .init          0x08005f74        0x8 C:/Program Files/STMicroelectronics/STM32CubeCLT_1.16.0/GNU-tools-for-STM32/bin/../lib/gcc/arm-none-eabi/12.3.1/thumb/v8-m.main+fp/hard/crtn.o
 *(.fini)
 .fini          0x08005f7c        0x4 C:/Program Files/STMicroelectronics/STM32CubeCLT_1.16.0/GNU-tools-for-STM32/bin/../lib/gcc/arm-none-eabi/12.3.1/thumb/v8-m.main+fp/hard/crti.o
                0x08005f7c                _fini
 .fini          0x08005f80        0x8 C:/Program Files/STMicroelectronics/STM32CubeCLT_1.16.0/GNU-tools-for-STM32/bin/../lib/gcc/arm-none-eabi/12.3.1/thumb/v8-m.main+fp/hard/crtn.o
                0x08005f88                        . = ALIGN (0x4)
                0x08005f88                        _etext = .

.vfp11_veneer   0x08005f88        0x0
 .vfp11_veneer  0x08005f88        0x0 linker stubs

.v4_bx          0x08005f88        0x0
 .v4_bx         0x08005f88        0x0 linker stubs

.iplt           0x08005f88        0x0
 .iplt          0x08005f88        0x0 C:/Program Files/STMicroelectronics/STM32CubeCLT_1.16.0/GNU-tools-for-STM32/bin/../lib/gcc/arm-none-eabi/12.3.1/thumb/v8-m.main+fp/hard/crtbegin.o

.rodata         0x08005f88       0x3c
                0x08005f88                        . = ALIGN (0x4)
 *(.rodata)
 *(.rodata*)
 .rodata.LED_PIN
                0x08005f88        0x6 CMakeFiles/NUCLEO-H563ZI_Demo1.dir/Drivers/BSP/STM32H5xx_Nucleo/stm32h5xx_nucleo.c.obj
 *fill*         0x08005f8e        0x2 
 .rodata.BUTTON_EXTI_LINE.2
                0x08005f90        0x4 CMakeFiles/NUCLEO-H563ZI_Demo1.dir/Drivers/BSP/STM32H5xx_Nucleo/stm32h5xx_nucleo.c.obj
 .rodata.UARTPrescTable
                0x08005f94       0x18 CMakeFiles/NUCLEO-H563ZI_Demo1.dir/Drivers/STM32H5xx_HAL_Driver/Src/stm32h5xx_hal_uart.c.obj
                0x08005f94                UARTPrescTable
 .rodata.AHBPrescTable
                0x08005fac       0x10 CMakeFiles/NUCLEO-H563ZI_Demo1.dir/Core/Src/system_stm32h5xx.c.obj
                0x08005fac                AHBPrescTable
 .rodata.APBPrescTable
                0x08005fbc        0x8 CMakeFiles/NUCLEO-H563ZI_Demo1.dir/Core/Src/system_stm32h5xx.c.obj
                0x08005fbc                APBPrescTable
                0x08005fc4                        . = ALIGN (0x4)

.ARM.extab      0x08005fc4        0x0
                0x08005fc4                        . = ALIGN (0x4)
 *(.ARM.extab* .gnu.linkonce.armextab.*)
                0x08005fc4                        . = ALIGN (0x4)

.ARM            0x08005fc4        0x8
                0x08005fc4                        . = ALIGN (0x4)
                0x08005fc4                        __exidx_start = .
 *(.ARM.exidx*)
 .ARM.exidx     0x08005fc4        0x8 C:/Program Files/STMicroelectronics/STM32CubeCLT_1.16.0/GNU-tools-for-STM32/bin/../lib/gcc/arm-none-eabi/12.3.1/thumb/v8-m.main+fp/hard\libgcc.a(_udivmoddi4.o)
                0x08005fcc                        __exidx_end = .
                0x08005fcc                        . = ALIGN (0x4)

.preinit_array  0x08005fcc        0x0
                0x08005fcc                        . = ALIGN (0x4)
                0x08005fcc                        PROVIDE (__preinit_array_start = .)
 *(.preinit_array*)
                0x08005fcc                        PROVIDE (__preinit_array_end = .)
                0x08005fcc                        . = ALIGN (0x4)

.init_array     0x08005fcc        0x4
                0x08005fcc                        . = ALIGN (0x4)
                0x08005fcc                        PROVIDE (__init_array_start = .)
 *(SORT_BY_NAME(.init_array.*))
 *(.init_array*)
 .init_array    0x08005fcc        0x4 C:/Program Files/STMicroelectronics/STM32CubeCLT_1.16.0/GNU-tools-for-STM32/bin/../lib/gcc/arm-none-eabi/12.3.1/thumb/v8-m.main+fp/hard/crtbegin.o
                0x08005fd0                        PROVIDE (__init_array_end = .)
                0x08005fd0                        . = ALIGN (0x4)

.fini_array     0x08005fd0        0x4
                0x08005fd0                        . = ALIGN (0x4)
                [!provide]                        PROVIDE (__fini_array_start = .)
 *(SORT_BY_NAME(.fini_array.*))
 *(.fini_array*)
 .fini_array    0x08005fd0        0x4 C:/Program Files/STMicroelectronics/STM32CubeCLT_1.16.0/GNU-tools-for-STM32/bin/../lib/gcc/arm-none-eabi/12.3.1/thumb/v8-m.main+fp/hard/crtbegin.o
                [!provide]                        PROVIDE (__fini_array_end = .)
                0x08005fd4                        . = ALIGN (0x4)
                0x08005fd4                        _sidata = LOADADDR (.data)

.rel.dyn        0x08005fd4        0x0
 .rel.iplt      0x08005fd4        0x0 C:/Program Files/STMicroelectronics/STM32CubeCLT_1.16.0/GNU-tools-for-STM32/bin/../lib/gcc/arm-none-eabi/12.3.1/thumb/v8-m.main+fp/hard/crtbegin.o

.data           0x20000000       0x28 load address 0x08005fd4
                0x20000000                        . = ALIGN (0x4)
                0x20000000                        _sdata = .
 *(.data)
 *(.data*)
 .data.COM_USART
                0x20000000        0x4 CMakeFiles/NUCLEO-H563ZI_Demo1.dir/Drivers/BSP/STM32H5xx_Nucleo/stm32h5xx_nucleo.c.obj
                0x20000000                COM_USART
 .data.LED_PORT
                0x20000004        0xc CMakeFiles/NUCLEO-H563ZI_Demo1.dir/Drivers/BSP/STM32H5xx_Nucleo/stm32h5xx_nucleo.c.obj
 .data.BUTTON_PORT
                0x20000010        0x4 CMakeFiles/NUCLEO-H563ZI_Demo1.dir/Drivers/BSP/STM32H5xx_Nucleo/stm32h5xx_nucleo.c.obj
 .data.ButtonCallback.1
                0x20000014        0x4 CMakeFiles/NUCLEO-H563ZI_Demo1.dir/Drivers/BSP/STM32H5xx_Nucleo/stm32h5xx_nucleo.c.obj
 .data.BSP_BUTTON_PRIO.0
                0x20000018        0x4 CMakeFiles/NUCLEO-H563ZI_Demo1.dir/Drivers/BSP/STM32H5xx_Nucleo/stm32h5xx_nucleo.c.obj
 .data.uwTickPrio
                0x2000001c        0x4 CMakeFiles/NUCLEO-H563ZI_Demo1.dir/Drivers/STM32H5xx_HAL_Driver/Src/stm32h5xx_hal.c.obj
                0x2000001c                uwTickPrio
 .data.uwTickFreq
                0x20000020        0x1 CMakeFiles/NUCLEO-H563ZI_Demo1.dir/Drivers/STM32H5xx_HAL_Driver/Src/stm32h5xx_hal.c.obj
                0x20000020                uwTickFreq
 *fill*         0x20000021        0x3 
 .data.SystemCoreClock
                0x20000024        0x4 CMakeFiles/NUCLEO-H563ZI_Demo1.dir/Core/Src/system_stm32h5xx.c.obj
                0x20000024                SystemCoreClock
 *(.RamFunc)
 *(.RamFunc*)
                0x20000028                        . = ALIGN (0x4)
                0x20000028                        _edata = .

.igot.plt       0x20000028        0x0 load address 0x08005ffc
 .igot.plt      0x20000028        0x0 C:/Program Files/STMicroelectronics/STM32CubeCLT_1.16.0/GNU-tools-for-STM32/bin/../lib/gcc/arm-none-eabi/12.3.1/thumb/v8-m.main+fp/hard/crtbegin.o
                0x20000028                        . = ALIGN (0x4)

.bss            0x20000028       0xd4 load address 0x08005ffc
                0x20000028                        _sbss = .
                0x20000028                        __bss_start__ = _sbss
 *(.bss)
 .bss           0x20000028       0x1c C:/Program Files/STMicroelectronics/STM32CubeCLT_1.16.0/GNU-tools-for-STM32/bin/../lib/gcc/arm-none-eabi/12.3.1/thumb/v8-m.main+fp/hard/crtbegin.o
 *(.bss*)
 .bss.BspCOMInit
                0x20000044       0x10 CMakeFiles/NUCLEO-H563ZI_Demo1.dir/Core/Src/main.c.obj
                0x20000044                BspCOMInit
 .bss.LD1_State
                0x20000054        0x4 CMakeFiles/NUCLEO-H563ZI_Demo1.dir/Core/Src/main.c.obj
 .bss.hpb_exti  0x20000058        0xc CMakeFiles/NUCLEO-H563ZI_Demo1.dir/Drivers/BSP/STM32H5xx_Nucleo/stm32h5xx_nucleo.c.obj
                0x20000058                hpb_exti
 .bss.hcom_uart
                0x20000064       0x94 CMakeFiles/NUCLEO-H563ZI_Demo1.dir/Drivers/BSP/STM32H5xx_Nucleo/stm32h5xx_nucleo.c.obj
                0x20000064                hcom_uart
 .bss.uwTick    0x200000f8        0x4 CMakeFiles/NUCLEO-H563ZI_Demo1.dir/Drivers/STM32H5xx_HAL_Driver/Src/stm32h5xx_hal.c.obj
                0x200000f8                uwTick
 *(COMMON)
                0x200000fc                        . = ALIGN (0x4)
                0x200000fc                        _ebss = .
                0x200000fc                        __bss_end__ = _ebss

._user_heap_stack
                0x200000fc      0x604 load address 0x08005ffc
                0x20000100                        . = ALIGN (0x8)
 *fill*         0x200000fc        0x4 
                [!provide]                        PROVIDE (end = .)
                0x20000100                        PROVIDE (_end = .)
                0x20000300                        . = (. + _Min_Heap_Size)
 *fill*         0x20000100      0x200 
                0x20000700                        . = (. + _Min_Stack_Size)
 *fill*         0x20000300      0x400 
                0x20000700                        . = ALIGN (0x8)

/DISCARD/
 libc.a(*)
 libm.a(*)
 libgcc.a(*)

.ARM.attributes
                0x00000000       0x36
 *(.ARM.attributes)
 .ARM.attributes
                0x00000000       0x26 C:/Program Files/STMicroelectronics/STM32CubeCLT_1.16.0/GNU-tools-for-STM32/bin/../lib/gcc/arm-none-eabi/12.3.1/thumb/v8-m.main+fp/hard/crti.o
 .ARM.attributes
                0x00000026       0x38 C:/Program Files/STMicroelectronics/STM32CubeCLT_1.16.0/GNU-tools-for-STM32/bin/../lib/gcc/arm-none-eabi/12.3.1/thumb/v8-m.main+fp/hard/crtbegin.o
 .ARM.attributes
                0x0000005e       0x38 C:/Program Files/STMicroelectronics/STM32CubeCLT_1.16.0/GNU-tools-for-STM32/bin/../lib/gcc/arm-none-eabi/12.3.1/../../../../arm-none-eabi/lib/thumb/v8-m.main+fp/hard\libc_nano.a(libc_a-memset.o)
 .ARM.attributes
                0x00000096       0x38 C:/Program Files/STMicroelectronics/STM32CubeCLT_1.16.0/GNU-tools-for-STM32/bin/../lib/gcc/arm-none-eabi/12.3.1/../../../../arm-none-eabi/lib/thumb/v8-m.main+fp/hard\libc_nano.a(libc_a-init.o)
 .ARM.attributes
                0x000000ce       0x3a CMakeFiles/NUCLEO-H563ZI_Demo1.dir/Core/Src/main.c.obj
 .ARM.attributes
                0x00000108       0x3a CMakeFiles/NUCLEO-H563ZI_Demo1.dir/Core/Src/gpio.c.obj
 .ARM.attributes
                0x00000142       0x3a CMakeFiles/NUCLEO-H563ZI_Demo1.dir/Core/Src/icache.c.obj
 .ARM.attributes
                0x0000017c       0x3a CMakeFiles/NUCLEO-H563ZI_Demo1.dir/Core/Src/stm32h5xx_it.c.obj
 .ARM.attributes
                0x000001b6       0x3a CMakeFiles/NUCLEO-H563ZI_Demo1.dir/Core/Src/stm32h5xx_hal_msp.c.obj
 .ARM.attributes
                0x000001f0       0x3a CMakeFiles/NUCLEO-H563ZI_Demo1.dir/Drivers/BSP/STM32H5xx_Nucleo/stm32h5xx_nucleo.c.obj
 .ARM.attributes
                0x0000022a       0x3a CMakeFiles/NUCLEO-H563ZI_Demo1.dir/Drivers/STM32H5xx_HAL_Driver/Src/stm32h5xx_hal_cortex.c.obj
 .ARM.attributes
                0x00000264       0x3a CMakeFiles/NUCLEO-H563ZI_Demo1.dir/Drivers/STM32H5xx_HAL_Driver/Src/stm32h5xx_hal_icache.c.obj
 .ARM.attributes
                0x0000029e       0x3a CMakeFiles/NUCLEO-H563ZI_Demo1.dir/Drivers/STM32H5xx_HAL_Driver/Src/stm32h5xx_hal_rcc.c.obj
 .ARM.attributes
                0x000002d8       0x3a CMakeFiles/NUCLEO-H563ZI_Demo1.dir/Drivers/STM32H5xx_HAL_Driver/Src/stm32h5xx_hal_rcc_ex.c.obj
 .ARM.attributes
                0x00000312       0x3a CMakeFiles/NUCLEO-H563ZI_Demo1.dir/Drivers/STM32H5xx_HAL_Driver/Src/stm32h5xx_hal_gpio.c.obj
 .ARM.attributes
                0x0000034c       0x3a CMakeFiles/NUCLEO-H563ZI_Demo1.dir/Drivers/STM32H5xx_HAL_Driver/Src/stm32h5xx_hal.c.obj
 .ARM.attributes
                0x00000386       0x3a CMakeFiles/NUCLEO-H563ZI_Demo1.dir/Drivers/STM32H5xx_HAL_Driver/Src/stm32h5xx_hal_exti.c.obj
 .ARM.attributes
                0x000003c0       0x3a CMakeFiles/NUCLEO-H563ZI_Demo1.dir/Drivers/STM32H5xx_HAL_Driver/Src/stm32h5xx_hal_uart.c.obj
 .ARM.attributes
                0x000003fa       0x3a CMakeFiles/NUCLEO-H563ZI_Demo1.dir/Core/Src/system_stm32h5xx.c.obj
 .ARM.attributes
                0x00000434       0x24 CMakeFiles/NUCLEO-H563ZI_Demo1.dir/startup_stm32h563xx.s.obj
 .ARM.attributes
                0x00000458       0x26 C:/Program Files/STMicroelectronics/STM32CubeCLT_1.16.0/GNU-tools-for-STM32/bin/../lib/gcc/arm-none-eabi/12.3.1/thumb/v8-m.main+fp/hard\libgcc.a(_aeabi_uldivmod.o)
 .ARM.attributes
                0x0000047e       0x38 C:/Program Files/STMicroelectronics/STM32CubeCLT_1.16.0/GNU-tools-for-STM32/bin/../lib/gcc/arm-none-eabi/12.3.1/thumb/v8-m.main+fp/hard\libgcc.a(_udivmoddi4.o)
 .ARM.attributes
                0x000004b6       0x26 C:/Program Files/STMicroelectronics/STM32CubeCLT_1.16.0/GNU-tools-for-STM32/bin/../lib/gcc/arm-none-eabi/12.3.1/thumb/v8-m.main+fp/hard\libgcc.a(_dvmd_tls.o)
 .ARM.attributes
                0x000004dc       0x26 C:/Program Files/STMicroelectronics/STM32CubeCLT_1.16.0/GNU-tools-for-STM32/bin/../lib/gcc/arm-none-eabi/12.3.1/thumb/v8-m.main+fp/hard/crtn.o
OUTPUT(NUCLEO-H563ZI_Demo1.elf elf32-littlearm)
LOAD linker stubs
LOAD C:/Program Files/STMicroelectronics/STM32CubeCLT_1.16.0/GNU-tools-for-STM32/bin/../lib/gcc/arm-none-eabi/12.3.1/../../../../arm-none-eabi/lib/thumb/v8-m.main+fp/hard\libc.a
LOAD C:/Program Files/STMicroelectronics/STM32CubeCLT_1.16.0/GNU-tools-for-STM32/bin/../lib/gcc/arm-none-eabi/12.3.1/../../../../arm-none-eabi/lib/thumb/v8-m.main+fp/hard\libm.a
LOAD C:/Program Files/STMicroelectronics/STM32CubeCLT_1.16.0/GNU-tools-for-STM32/bin/../lib/gcc/arm-none-eabi/12.3.1/thumb/v8-m.main+fp/hard\libgcc.a

.debug_frame    0x00000000     0x2b74
 .debug_frame   0x00000000       0x20 C:/Program Files/STMicroelectronics/STM32CubeCLT_1.16.0/GNU-tools-for-STM32/bin/../lib/gcc/arm-none-eabi/12.3.1/../../../../arm-none-eabi/lib/thumb/v8-m.main+fp/hard\libc_nano.a(libc_a-memset.o)
 .debug_frame   0x00000020       0x2c C:/Program Files/STMicroelectronics/STM32CubeCLT_1.16.0/GNU-tools-for-STM32/bin/../lib/gcc/arm-none-eabi/12.3.1/../../../../arm-none-eabi/lib/thumb/v8-m.main+fp/hard\libc_nano.a(libc_a-init.o)
 .debug_frame   0x0000004c       0x68 CMakeFiles/NUCLEO-H563ZI_Demo1.dir/Core/Src/main.c.obj
 .debug_frame   0x000000b4       0x38 CMakeFiles/NUCLEO-H563ZI_Demo1.dir/Core/Src/gpio.c.obj
 .debug_frame   0x000000ec       0x2c CMakeFiles/NUCLEO-H563ZI_Demo1.dir/Core/Src/icache.c.obj
 .debug_frame   0x00000118      0x120 CMakeFiles/NUCLEO-H563ZI_Demo1.dir/Core/Src/stm32h5xx_it.c.obj
 .debug_frame   0x00000238       0x30 CMakeFiles/NUCLEO-H563ZI_Demo1.dir/Core/Src/stm32h5xx_hal_msp.c.obj
 .debug_frame   0x00000268      0x31c CMakeFiles/NUCLEO-H563ZI_Demo1.dir/Drivers/BSP/STM32H5xx_Nucleo/stm32h5xx_nucleo.c.obj
 .debug_frame   0x00000584      0x560 CMakeFiles/NUCLEO-H563ZI_Demo1.dir/Drivers/STM32H5xx_HAL_Driver/Src/stm32h5xx_hal_cortex.c.obj
 .debug_frame   0x00000ae4      0x298 CMakeFiles/NUCLEO-H563ZI_Demo1.dir/Drivers/STM32H5xx_HAL_Driver/Src/stm32h5xx_hal_icache.c.obj
 .debug_frame   0x00000d7c      0x268 CMakeFiles/NUCLEO-H563ZI_Demo1.dir/Drivers/STM32H5xx_HAL_Driver/Src/stm32h5xx_hal_rcc.c.obj
 .debug_frame   0x00000fe4      0x470 CMakeFiles/NUCLEO-H563ZI_Demo1.dir/Drivers/STM32H5xx_HAL_Driver/Src/stm32h5xx_hal_rcc_ex.c.obj
 .debug_frame   0x00001454      0x1ec CMakeFiles/NUCLEO-H563ZI_Demo1.dir/Drivers/STM32H5xx_HAL_Driver/Src/stm32h5xx_hal_gpio.c.obj
 .debug_frame   0x00001640      0x828 CMakeFiles/NUCLEO-H563ZI_Demo1.dir/Drivers/STM32H5xx_HAL_Driver/Src/stm32h5xx_hal.c.obj
 .debug_frame   0x00001e68      0x1c4 CMakeFiles/NUCLEO-H563ZI_Demo1.dir/Drivers/STM32H5xx_HAL_Driver/Src/stm32h5xx_hal_exti.c.obj
 .debug_frame   0x0000202c      0xa84 CMakeFiles/NUCLEO-H563ZI_Demo1.dir/Drivers/STM32H5xx_HAL_Driver/Src/stm32h5xx_hal_uart.c.obj
 .debug_frame   0x00002ab0       0x60 CMakeFiles/NUCLEO-H563ZI_Demo1.dir/Core/Src/system_stm32h5xx.c.obj
 .debug_frame   0x00002b10       0x2c C:/Program Files/STMicroelectronics/STM32CubeCLT_1.16.0/GNU-tools-for-STM32/bin/../lib/gcc/arm-none-eabi/12.3.1/thumb/v8-m.main+fp/hard\libgcc.a(_aeabi_uldivmod.o)
 .debug_frame   0x00002b3c       0x38 C:/Program Files/STMicroelectronics/STM32CubeCLT_1.16.0/GNU-tools-for-STM32/bin/../lib/gcc/arm-none-eabi/12.3.1/thumb/v8-m.main+fp/hard\libgcc.a(_udivmoddi4.o)

.debug_info     0x00000000     0xe263
 .debug_info    0x00000000      0xc11 CMakeFiles/NUCLEO-H563ZI_Demo1.dir/Core/Src/main.c.obj
 .debug_info    0x00000c11      0x658 CMakeFiles/NUCLEO-H563ZI_Demo1.dir/Core/Src/gpio.c.obj
 .debug_info    0x00001269      0x114 CMakeFiles/NUCLEO-H563ZI_Demo1.dir/Core/Src/icache.c.obj
 .debug_info    0x0000137d      0x3d6 CMakeFiles/NUCLEO-H563ZI_Demo1.dir/Core/Src/stm32h5xx_it.c.obj
 .debug_info    0x00001753       0x9f CMakeFiles/NUCLEO-H563ZI_Demo1.dir/Core/Src/stm32h5xx_hal_msp.c.obj
 .debug_info    0x000017f2     0x1bc0 CMakeFiles/NUCLEO-H563ZI_Demo1.dir/Drivers/BSP/STM32H5xx_Nucleo/stm32h5xx_nucleo.c.obj
 .debug_info    0x000033b2     0x1658 CMakeFiles/NUCLEO-H563ZI_Demo1.dir/Drivers/STM32H5xx_HAL_Driver/Src/stm32h5xx_hal_cortex.c.obj
 .debug_info    0x00004a0a      0x4d6 CMakeFiles/NUCLEO-H563ZI_Demo1.dir/Drivers/STM32H5xx_HAL_Driver/Src/stm32h5xx_hal_icache.c.obj
 .debug_info    0x00004ee0     0x109f CMakeFiles/NUCLEO-H563ZI_Demo1.dir/Drivers/STM32H5xx_HAL_Driver/Src/stm32h5xx_hal_rcc.c.obj
 .debug_info    0x00005f7f     0x12d7 CMakeFiles/NUCLEO-H563ZI_Demo1.dir/Drivers/STM32H5xx_HAL_Driver/Src/stm32h5xx_hal_rcc_ex.c.obj
 .debug_info    0x00007256      0x6b6 CMakeFiles/NUCLEO-H563ZI_Demo1.dir/Drivers/STM32H5xx_HAL_Driver/Src/stm32h5xx_hal_gpio.c.obj
 .debug_info    0x0000790c     0x139f CMakeFiles/NUCLEO-H563ZI_Demo1.dir/Drivers/STM32H5xx_HAL_Driver/Src/stm32h5xx_hal.c.obj
 .debug_info    0x00008cab      0x7ca CMakeFiles/NUCLEO-H563ZI_Demo1.dir/Drivers/STM32H5xx_HAL_Driver/Src/stm32h5xx_hal_exti.c.obj
 .debug_info    0x00009475     0x4030 CMakeFiles/NUCLEO-H563ZI_Demo1.dir/Drivers/STM32H5xx_HAL_Driver/Src/stm32h5xx_hal_uart.c.obj
 .debug_info    0x0000d4a5      0xd8e CMakeFiles/NUCLEO-H563ZI_Demo1.dir/Core/Src/system_stm32h5xx.c.obj
 .debug_info    0x0000e233       0x30 CMakeFiles/NUCLEO-H563ZI_Demo1.dir/startup_stm32h563xx.s.obj

.debug_abbrev   0x00000000     0x1db8
 .debug_abbrev  0x00000000      0x22e CMakeFiles/NUCLEO-H563ZI_Demo1.dir/Core/Src/main.c.obj
 .debug_abbrev  0x0000022e      0x179 CMakeFiles/NUCLEO-H563ZI_Demo1.dir/Core/Src/gpio.c.obj
 .debug_abbrev  0x000003a7       0xb6 CMakeFiles/NUCLEO-H563ZI_Demo1.dir/Core/Src/icache.c.obj
 .debug_abbrev  0x0000045d      0x12f CMakeFiles/NUCLEO-H563ZI_Demo1.dir/Core/Src/stm32h5xx_it.c.obj
 .debug_abbrev  0x0000058c       0x45 CMakeFiles/NUCLEO-H563ZI_Demo1.dir/Core/Src/stm32h5xx_hal_msp.c.obj
 .debug_abbrev  0x000005d1      0x330 CMakeFiles/NUCLEO-H563ZI_Demo1.dir/Drivers/BSP/STM32H5xx_Nucleo/stm32h5xx_nucleo.c.obj
 .debug_abbrev  0x00000901      0x311 CMakeFiles/NUCLEO-H563ZI_Demo1.dir/Drivers/STM32H5xx_HAL_Driver/Src/stm32h5xx_hal_cortex.c.obj
 .debug_abbrev  0x00000c12      0x228 CMakeFiles/NUCLEO-H563ZI_Demo1.dir/Drivers/STM32H5xx_HAL_Driver/Src/stm32h5xx_hal_icache.c.obj
 .debug_abbrev  0x00000e3a      0x290 CMakeFiles/NUCLEO-H563ZI_Demo1.dir/Drivers/STM32H5xx_HAL_Driver/Src/stm32h5xx_hal_rcc.c.obj
 .debug_abbrev  0x000010ca      0x269 CMakeFiles/NUCLEO-H563ZI_Demo1.dir/Drivers/STM32H5xx_HAL_Driver/Src/stm32h5xx_hal_rcc_ex.c.obj
 .debug_abbrev  0x00001333      0x1db CMakeFiles/NUCLEO-H563ZI_Demo1.dir/Drivers/STM32H5xx_HAL_Driver/Src/stm32h5xx_hal_gpio.c.obj
 .debug_abbrev  0x0000150e      0x2af CMakeFiles/NUCLEO-H563ZI_Demo1.dir/Drivers/STM32H5xx_HAL_Driver/Src/stm32h5xx_hal.c.obj
 .debug_abbrev  0x000017bd      0x198 CMakeFiles/NUCLEO-H563ZI_Demo1.dir/Drivers/STM32H5xx_HAL_Driver/Src/stm32h5xx_hal_exti.c.obj
 .debug_abbrev  0x00001955      0x305 CMakeFiles/NUCLEO-H563ZI_Demo1.dir/Drivers/STM32H5xx_HAL_Driver/Src/stm32h5xx_hal_uart.c.obj
 .debug_abbrev  0x00001c5a      0x13a CMakeFiles/NUCLEO-H563ZI_Demo1.dir/Core/Src/system_stm32h5xx.c.obj
 .debug_abbrev  0x00001d94       0x24 CMakeFiles/NUCLEO-H563ZI_Demo1.dir/startup_stm32h563xx.s.obj

.debug_aranges  0x00000000      0xad0
 .debug_aranges
                0x00000000       0x30 CMakeFiles/NUCLEO-H563ZI_Demo1.dir/Core/Src/main.c.obj
 .debug_aranges
                0x00000030       0x20 CMakeFiles/NUCLEO-H563ZI_Demo1.dir/Core/Src/gpio.c.obj
 .debug_aranges
                0x00000050       0x20 CMakeFiles/NUCLEO-H563ZI_Demo1.dir/Core/Src/icache.c.obj
 .debug_aranges
                0x00000070       0x68 CMakeFiles/NUCLEO-H563ZI_Demo1.dir/Core/Src/stm32h5xx_it.c.obj
 .debug_aranges
                0x000000d8       0x20 CMakeFiles/NUCLEO-H563ZI_Demo1.dir/Core/Src/stm32h5xx_hal_msp.c.obj
 .debug_aranges
                0x000000f8       0xc8 CMakeFiles/NUCLEO-H563ZI_Demo1.dir/Drivers/BSP/STM32H5xx_Nucleo/stm32h5xx_nucleo.c.obj
 .debug_aranges
                0x000001c0      0x140 CMakeFiles/NUCLEO-H563ZI_Demo1.dir/Drivers/STM32H5xx_HAL_Driver/Src/stm32h5xx_hal_cortex.c.obj
 .debug_aranges
                0x00000300       0xa8 CMakeFiles/NUCLEO-H563ZI_Demo1.dir/Drivers/STM32H5xx_HAL_Driver/Src/stm32h5xx_hal_icache.c.obj
 .debug_aranges
                0x000003a8       0xa0 CMakeFiles/NUCLEO-H563ZI_Demo1.dir/Drivers/STM32H5xx_HAL_Driver/Src/stm32h5xx_hal_rcc.c.obj
 .debug_aranges
                0x00000448      0x108 CMakeFiles/NUCLEO-H563ZI_Demo1.dir/Drivers/STM32H5xx_HAL_Driver/Src/stm32h5xx_hal_rcc_ex.c.obj
 .debug_aranges
                0x00000550       0x78 CMakeFiles/NUCLEO-H563ZI_Demo1.dir/Drivers/STM32H5xx_HAL_Driver/Src/stm32h5xx_hal_gpio.c.obj
 .debug_aranges
                0x000005c8      0x200 CMakeFiles/NUCLEO-H563ZI_Demo1.dir/Drivers/STM32H5xx_HAL_Driver/Src/stm32h5xx_hal.c.obj
 .debug_aranges
                0x000007c8       0x70 CMakeFiles/NUCLEO-H563ZI_Demo1.dir/Drivers/STM32H5xx_HAL_Driver/Src/stm32h5xx_hal_exti.c.obj
 .debug_aranges
                0x00000838      0x248 CMakeFiles/NUCLEO-H563ZI_Demo1.dir/Drivers/STM32H5xx_HAL_Driver/Src/stm32h5xx_hal_uart.c.obj
 .debug_aranges
                0x00000a80       0x28 CMakeFiles/NUCLEO-H563ZI_Demo1.dir/Core/Src/system_stm32h5xx.c.obj
 .debug_aranges
                0x00000aa8       0x28 CMakeFiles/NUCLEO-H563ZI_Demo1.dir/startup_stm32h563xx.s.obj

.debug_rnglists
                0x00000000      0x83c
 .debug_rnglists
                0x00000000       0x21 CMakeFiles/NUCLEO-H563ZI_Demo1.dir/Core/Src/main.c.obj
 .debug_rnglists
                0x00000021       0x14 CMakeFiles/NUCLEO-H563ZI_Demo1.dir/Core/Src/gpio.c.obj
 .debug_rnglists
                0x00000035       0x13 CMakeFiles/NUCLEO-H563ZI_Demo1.dir/Core/Src/icache.c.obj
 .debug_rnglists
                0x00000048       0x49 CMakeFiles/NUCLEO-H563ZI_Demo1.dir/Core/Src/stm32h5xx_it.c.obj
 .debug_rnglists
                0x00000091       0x13 CMakeFiles/NUCLEO-H563ZI_Demo1.dir/Core/Src/stm32h5xx_hal_msp.c.obj
 .debug_rnglists
                0x000000a4       0x94 CMakeFiles/NUCLEO-H563ZI_Demo1.dir/Drivers/BSP/STM32H5xx_Nucleo/stm32h5xx_nucleo.c.obj
 .debug_rnglists
                0x00000138       0xec CMakeFiles/NUCLEO-H563ZI_Demo1.dir/Drivers/STM32H5xx_HAL_Driver/Src/stm32h5xx_hal_cortex.c.obj
 .debug_rnglists
                0x00000224       0x7a CMakeFiles/NUCLEO-H563ZI_Demo1.dir/Drivers/STM32H5xx_HAL_Driver/Src/stm32h5xx_hal_icache.c.obj
 .debug_rnglists
                0x0000029e       0x79 CMakeFiles/NUCLEO-H563ZI_Demo1.dir/Drivers/STM32H5xx_HAL_Driver/Src/stm32h5xx_hal_rcc.c.obj
 .debug_rnglists
                0x00000317       0xcf CMakeFiles/NUCLEO-H563ZI_Demo1.dir/Drivers/STM32H5xx_HAL_Driver/Src/stm32h5xx_hal_rcc_ex.c.obj
 .debug_rnglists
                0x000003e6       0x57 CMakeFiles/NUCLEO-H563ZI_Demo1.dir/Drivers/STM32H5xx_HAL_Driver/Src/stm32h5xx_hal_gpio.c.obj
 .debug_rnglists
                0x0000043d      0x17d CMakeFiles/NUCLEO-H563ZI_Demo1.dir/Drivers/STM32H5xx_HAL_Driver/Src/stm32h5xx_hal.c.obj
 .debug_rnglists
                0x000005ba       0x53 CMakeFiles/NUCLEO-H563ZI_Demo1.dir/Drivers/STM32H5xx_HAL_Driver/Src/stm32h5xx_hal_exti.c.obj
 .debug_rnglists
                0x0000060d      0x1fb CMakeFiles/NUCLEO-H563ZI_Demo1.dir/Drivers/STM32H5xx_HAL_Driver/Src/stm32h5xx_hal_uart.c.obj
 .debug_rnglists
                0x00000808       0x1b CMakeFiles/NUCLEO-H563ZI_Demo1.dir/Core/Src/system_stm32h5xx.c.obj
 .debug_rnglists
                0x00000823       0x19 CMakeFiles/NUCLEO-H563ZI_Demo1.dir/startup_stm32h563xx.s.obj

.debug_macro    0x00000000    0x30d4a
 .debug_macro   0x00000000      0x2da CMakeFiles/NUCLEO-H563ZI_Demo1.dir/Core/Src/main.c.obj
 .debug_macro   0x000002da      0xac0 CMakeFiles/NUCLEO-H563ZI_Demo1.dir/Core/Src/main.c.obj
 .debug_macro   0x00000d9a      0x1ca CMakeFiles/NUCLEO-H563ZI_Demo1.dir/Core/Src/main.c.obj
 .debug_macro   0x00000f64       0x22 CMakeFiles/NUCLEO-H563ZI_Demo1.dir/Core/Src/main.c.obj
 .debug_macro   0x00000f86       0x6e CMakeFiles/NUCLEO-H563ZI_Demo1.dir/Core/Src/main.c.obj
 .debug_macro   0x00000ff4       0x2a CMakeFiles/NUCLEO-H563ZI_Demo1.dir/Core/Src/main.c.obj
 .debug_macro   0x0000101e       0x94 CMakeFiles/NUCLEO-H563ZI_Demo1.dir/Core/Src/main.c.obj
 .debug_macro   0x000010b2       0x3c CMakeFiles/NUCLEO-H563ZI_Demo1.dir/Core/Src/main.c.obj
 .debug_macro   0x000010ee       0x34 CMakeFiles/NUCLEO-H563ZI_Demo1.dir/Core/Src/main.c.obj
 .debug_macro   0x00001122      0x189 CMakeFiles/NUCLEO-H563ZI_Demo1.dir/Core/Src/main.c.obj
 .debug_macro   0x000012ab       0x16 CMakeFiles/NUCLEO-H563ZI_Demo1.dir/Core/Src/main.c.obj
 .debug_macro   0x000012c1       0x43 CMakeFiles/NUCLEO-H563ZI_Demo1.dir/Core/Src/main.c.obj
 .debug_macro   0x00001304       0x57 CMakeFiles/NUCLEO-H563ZI_Demo1.dir/Core/Src/main.c.obj
 .debug_macro   0x0000135b       0x34 CMakeFiles/NUCLEO-H563ZI_Demo1.dir/Core/Src/main.c.obj
 .debug_macro   0x0000138f       0x10 CMakeFiles/NUCLEO-H563ZI_Demo1.dir/Core/Src/main.c.obj
 .debug_macro   0x0000139f       0x58 CMakeFiles/NUCLEO-H563ZI_Demo1.dir/Core/Src/main.c.obj
 .debug_macro   0x000013f7      0x1de CMakeFiles/NUCLEO-H563ZI_Demo1.dir/Core/Src/main.c.obj
 .debug_macro   0x000015d5      0x369 CMakeFiles/NUCLEO-H563ZI_Demo1.dir/Core/Src/main.c.obj
 .debug_macro   0x0000193e      0x19b CMakeFiles/NUCLEO-H563ZI_Demo1.dir/Core/Src/main.c.obj
 .debug_macro   0x00001ad9       0x28 CMakeFiles/NUCLEO-H563ZI_Demo1.dir/Core/Src/main.c.obj
 .debug_macro   0x00001b01       0x49 CMakeFiles/NUCLEO-H563ZI_Demo1.dir/Core/Src/main.c.obj
 .debug_macro   0x00001b4a      0x103 CMakeFiles/NUCLEO-H563ZI_Demo1.dir/Core/Src/main.c.obj
 .debug_macro   0x00001c4d       0x6a CMakeFiles/NUCLEO-H563ZI_Demo1.dir/Core/Src/main.c.obj
 .debug_macro   0x00001cb7      0x1df CMakeFiles/NUCLEO-H563ZI_Demo1.dir/Core/Src/main.c.obj
 .debug_macro   0x00001e96       0x1c CMakeFiles/NUCLEO-H563ZI_Demo1.dir/Core/Src/main.c.obj
 .debug_macro   0x00001eb2       0x29 CMakeFiles/NUCLEO-H563ZI_Demo1.dir/Core/Src/main.c.obj
 .debug_macro   0x00001edb       0xfb CMakeFiles/NUCLEO-H563ZI_Demo1.dir/Core/Src/main.c.obj
 .debug_macro   0x00001fd6     0x1685 CMakeFiles/NUCLEO-H563ZI_Demo1.dir/Core/Src/main.c.obj
 .debug_macro   0x0000365b       0x5e CMakeFiles/NUCLEO-H563ZI_Demo1.dir/Core/Src/main.c.obj
 .debug_macro   0x000036b9    0x211d5 CMakeFiles/NUCLEO-H563ZI_Demo1.dir/Core/Src/main.c.obj
 .debug_macro   0x0002488e       0x6d CMakeFiles/NUCLEO-H563ZI_Demo1.dir/Core/Src/main.c.obj
 .debug_macro   0x000248fb     0x3891 CMakeFiles/NUCLEO-H563ZI_Demo1.dir/Core/Src/main.c.obj
 .debug_macro   0x0002818c       0x63 CMakeFiles/NUCLEO-H563ZI_Demo1.dir/Core/Src/main.c.obj
 .debug_macro   0x000281ef     0x1f0d CMakeFiles/NUCLEO-H563ZI_Demo1.dir/Core/Src/main.c.obj
 .debug_macro   0x0002a0fc      0xe96 CMakeFiles/NUCLEO-H563ZI_Demo1.dir/Core/Src/main.c.obj
 .debug_macro   0x0002af92      0x166 CMakeFiles/NUCLEO-H563ZI_Demo1.dir/Core/Src/main.c.obj
 .debug_macro   0x0002b0f8      0x30b CMakeFiles/NUCLEO-H563ZI_Demo1.dir/Core/Src/main.c.obj
 .debug_macro   0x0002b403       0xca CMakeFiles/NUCLEO-H563ZI_Demo1.dir/Core/Src/main.c.obj
 .debug_macro   0x0002b4cd      0x917 CMakeFiles/NUCLEO-H563ZI_Demo1.dir/Core/Src/main.c.obj
 .debug_macro   0x0002bde4      0x478 CMakeFiles/NUCLEO-H563ZI_Demo1.dir/Core/Src/main.c.obj
 .debug_macro   0x0002c25c       0xd6 CMakeFiles/NUCLEO-H563ZI_Demo1.dir/Core/Src/main.c.obj
 .debug_macro   0x0002c332      0x1ce CMakeFiles/NUCLEO-H563ZI_Demo1.dir/Core/Src/main.c.obj
 .debug_macro   0x0002c500      0x554 CMakeFiles/NUCLEO-H563ZI_Demo1.dir/Core/Src/main.c.obj
 .debug_macro   0x0002ca54      0x638 CMakeFiles/NUCLEO-H563ZI_Demo1.dir/Core/Src/main.c.obj
 .debug_macro   0x0002d08c       0x74 CMakeFiles/NUCLEO-H563ZI_Demo1.dir/Core/Src/main.c.obj
 .debug_macro   0x0002d100      0x313 CMakeFiles/NUCLEO-H563ZI_Demo1.dir/Core/Src/main.c.obj
 .debug_macro   0x0002d413      0x1bb CMakeFiles/NUCLEO-H563ZI_Demo1.dir/Core/Src/main.c.obj
 .debug_macro   0x0002d5ce      0x693 CMakeFiles/NUCLEO-H563ZI_Demo1.dir/Core/Src/main.c.obj
 .debug_macro   0x0002dc61       0xa6 CMakeFiles/NUCLEO-H563ZI_Demo1.dir/Core/Src/main.c.obj
 .debug_macro   0x0002dd07      0x2a7 CMakeFiles/NUCLEO-H563ZI_Demo1.dir/Core/Src/main.c.obj
 .debug_macro   0x0002dfae      0x47e CMakeFiles/NUCLEO-H563ZI_Demo1.dir/Core/Src/main.c.obj
 .debug_macro   0x0002e42c       0x22 CMakeFiles/NUCLEO-H563ZI_Demo1.dir/Core/Src/main.c.obj
 .debug_macro   0x0002e44e       0x52 CMakeFiles/NUCLEO-H563ZI_Demo1.dir/Core/Src/main.c.obj
 .debug_macro   0x0002e4a0       0x1c CMakeFiles/NUCLEO-H563ZI_Demo1.dir/Core/Src/main.c.obj
 .debug_macro   0x0002e4bc       0x35 CMakeFiles/NUCLEO-H563ZI_Demo1.dir/Core/Src/main.c.obj
 .debug_macro   0x0002e4f1       0x10 CMakeFiles/NUCLEO-H563ZI_Demo1.dir/Core/Src/main.c.obj
 .debug_macro   0x0002e501       0x1c CMakeFiles/NUCLEO-H563ZI_Demo1.dir/Core/Src/main.c.obj
 .debug_macro   0x0002e51d       0x16 CMakeFiles/NUCLEO-H563ZI_Demo1.dir/Core/Src/main.c.obj
 .debug_macro   0x0002e533      0x170 CMakeFiles/NUCLEO-H563ZI_Demo1.dir/Core/Src/main.c.obj
 .debug_macro   0x0002e6a3      0x130 CMakeFiles/NUCLEO-H563ZI_Demo1.dir/Core/Src/main.c.obj
 .debug_macro   0x0002e7d3      0x178 CMakeFiles/NUCLEO-H563ZI_Demo1.dir/Core/Src/main.c.obj
 .debug_macro   0x0002e94b      0x2c2 CMakeFiles/NUCLEO-H563ZI_Demo1.dir/Core/Src/gpio.c.obj
 .debug_macro   0x0002ec0d      0x2c2 CMakeFiles/NUCLEO-H563ZI_Demo1.dir/Core/Src/icache.c.obj
 .debug_macro   0x0002eecf      0x2c2 CMakeFiles/NUCLEO-H563ZI_Demo1.dir/Core/Src/stm32h5xx_it.c.obj
 .debug_macro   0x0002f191      0x2b8 CMakeFiles/NUCLEO-H563ZI_Demo1.dir/Core/Src/stm32h5xx_hal_msp.c.obj
 .debug_macro   0x0002f449      0x2b5 CMakeFiles/NUCLEO-H563ZI_Demo1.dir/Drivers/BSP/STM32H5xx_Nucleo/stm32h5xx_nucleo.c.obj
 .debug_macro   0x0002f6fe       0x1c CMakeFiles/NUCLEO-H563ZI_Demo1.dir/Drivers/BSP/STM32H5xx_Nucleo/stm32h5xx_nucleo.c.obj
 .debug_macro   0x0002f71a      0x254 CMakeFiles/NUCLEO-H563ZI_Demo1.dir/Drivers/STM32H5xx_HAL_Driver/Src/stm32h5xx_hal_cortex.c.obj
 .debug_macro   0x0002f96e      0x286 CMakeFiles/NUCLEO-H563ZI_Demo1.dir/Drivers/STM32H5xx_HAL_Driver/Src/stm32h5xx_hal_icache.c.obj
 .debug_macro   0x0002fbf4      0x296 CMakeFiles/NUCLEO-H563ZI_Demo1.dir/Drivers/STM32H5xx_HAL_Driver/Src/stm32h5xx_hal_rcc.c.obj
 .debug_macro   0x0002fe8a      0x266 CMakeFiles/NUCLEO-H563ZI_Demo1.dir/Drivers/STM32H5xx_HAL_Driver/Src/stm32h5xx_hal_rcc_ex.c.obj
 .debug_macro   0x000300f0      0x28a CMakeFiles/NUCLEO-H563ZI_Demo1.dir/Drivers/STM32H5xx_HAL_Driver/Src/stm32h5xx_hal_gpio.c.obj
 .debug_macro   0x0003037a      0x28a CMakeFiles/NUCLEO-H563ZI_Demo1.dir/Drivers/STM32H5xx_HAL_Driver/Src/stm32h5xx_hal.c.obj
 .debug_macro   0x00030604      0x26c CMakeFiles/NUCLEO-H563ZI_Demo1.dir/Drivers/STM32H5xx_HAL_Driver/Src/stm32h5xx_hal_exti.c.obj
 .debug_macro   0x00030870      0x27f CMakeFiles/NUCLEO-H563ZI_Demo1.dir/Drivers/STM32H5xx_HAL_Driver/Src/stm32h5xx_hal_uart.c.obj
 .debug_macro   0x00030aef      0x25b CMakeFiles/NUCLEO-H563ZI_Demo1.dir/Core/Src/system_stm32h5xx.c.obj

.debug_line     0x00000000     0xfe41
 .debug_line    0x00000000      0x99e CMakeFiles/NUCLEO-H563ZI_Demo1.dir/Core/Src/main.c.obj
 .debug_line    0x0000099e      0x960 CMakeFiles/NUCLEO-H563ZI_Demo1.dir/Core/Src/gpio.c.obj
 .debug_line    0x000012fe      0x8c7 CMakeFiles/NUCLEO-H563ZI_Demo1.dir/Core/Src/icache.c.obj
 .debug_line    0x00001bc5      0x9ad CMakeFiles/NUCLEO-H563ZI_Demo1.dir/Core/Src/stm32h5xx_it.c.obj
 .debug_line    0x00002572      0x8b3 CMakeFiles/NUCLEO-H563ZI_Demo1.dir/Core/Src/stm32h5xx_hal_msp.c.obj
 .debug_line    0x00002e25      0xc17 CMakeFiles/NUCLEO-H563ZI_Demo1.dir/Drivers/BSP/STM32H5xx_Nucleo/stm32h5xx_nucleo.c.obj
 .debug_line    0x00003a3c      0xe58 CMakeFiles/NUCLEO-H563ZI_Demo1.dir/Drivers/STM32H5xx_HAL_Driver/Src/stm32h5xx_hal_cortex.c.obj
 .debug_line    0x00004894      0xacd CMakeFiles/NUCLEO-H563ZI_Demo1.dir/Drivers/STM32H5xx_HAL_Driver/Src/stm32h5xx_hal_icache.c.obj
 .debug_line    0x00005361     0x1263 CMakeFiles/NUCLEO-H563ZI_Demo1.dir/Drivers/STM32H5xx_HAL_Driver/Src/stm32h5xx_hal_rcc.c.obj
 .debug_line    0x000065c4     0x2db6 CMakeFiles/NUCLEO-H563ZI_Demo1.dir/Drivers/STM32H5xx_HAL_Driver/Src/stm32h5xx_hal_rcc_ex.c.obj
 .debug_line    0x0000937a      0xbe4 CMakeFiles/NUCLEO-H563ZI_Demo1.dir/Drivers/STM32H5xx_HAL_Driver/Src/stm32h5xx_hal_gpio.c.obj
 .debug_line    0x00009f5e      0xef0 CMakeFiles/NUCLEO-H563ZI_Demo1.dir/Drivers/STM32H5xx_HAL_Driver/Src/stm32h5xx_hal.c.obj
 .debug_line    0x0000ae4e      0xc2f CMakeFiles/NUCLEO-H563ZI_Demo1.dir/Drivers/STM32H5xx_HAL_Driver/Src/stm32h5xx_hal_exti.c.obj
 .debug_line    0x0000ba7d     0x39e0 CMakeFiles/NUCLEO-H563ZI_Demo1.dir/Drivers/STM32H5xx_HAL_Driver/Src/stm32h5xx_hal_uart.c.obj
 .debug_line    0x0000f45d      0x969 CMakeFiles/NUCLEO-H563ZI_Demo1.dir/Core/Src/system_stm32h5xx.c.obj
 .debug_line    0x0000fdc6       0x7b CMakeFiles/NUCLEO-H563ZI_Demo1.dir/startup_stm32h563xx.s.obj

.debug_str      0x00000000   0x131859
 .debug_str     0x00000000   0x12cfe4 CMakeFiles/NUCLEO-H563ZI_Demo1.dir/Core/Src/main.c.obj
                             0x12d2ff (size before relaxing)
 .debug_str     0x0012cfe4      0x24c CMakeFiles/NUCLEO-H563ZI_Demo1.dir/Core/Src/gpio.c.obj
                             0x12cd82 (size before relaxing)
 .debug_str     0x0012d230       0x72 CMakeFiles/NUCLEO-H563ZI_Demo1.dir/Core/Src/icache.c.obj
                             0x12caed (size before relaxing)
 .debug_str     0x0012d2a2      0x19e CMakeFiles/NUCLEO-H563ZI_Demo1.dir/Core/Src/stm32h5xx_it.c.obj
                             0x12cc3e (size before relaxing)
 .debug_str     0x0012d440       0x54 CMakeFiles/NUCLEO-H563ZI_Demo1.dir/Core/Src/stm32h5xx_hal_msp.c.obj
                             0x12ca58 (size before relaxing)
 .debug_str     0x0012d494     0x1018 CMakeFiles/NUCLEO-H563ZI_Demo1.dir/Drivers/BSP/STM32H5xx_Nucleo/stm32h5xx_nucleo.c.obj
                             0x12da98 (size before relaxing)
 .debug_str     0x0012e4ac      0x56b CMakeFiles/NUCLEO-H563ZI_Demo1.dir/Drivers/STM32H5xx_HAL_Driver/Src/stm32h5xx_hal_cortex.c.obj
                             0x12c562 (size before relaxing)
 .debug_str     0x0012ea17      0x6b1 CMakeFiles/NUCLEO-H563ZI_Demo1.dir/Drivers/STM32H5xx_HAL_Driver/Src/stm32h5xx_hal_icache.c.obj
                             0x12bc15 (size before relaxing)
 .debug_str     0x0012f0c8      0x44b CMakeFiles/NUCLEO-H563ZI_Demo1.dir/Drivers/STM32H5xx_HAL_Driver/Src/stm32h5xx_hal_rcc.c.obj
                             0x12c0cc (size before relaxing)
 .debug_str     0x0012f513      0xb77 CMakeFiles/NUCLEO-H563ZI_Demo1.dir/Drivers/STM32H5xx_HAL_Driver/Src/stm32h5xx_hal_rcc_ex.c.obj
                             0x12c416 (size before relaxing)
 .debug_str     0x0013008a      0x242 CMakeFiles/NUCLEO-H563ZI_Demo1.dir/Drivers/STM32H5xx_HAL_Driver/Src/stm32h5xx_hal_gpio.c.obj
                             0x12b8ec (size before relaxing)
 .debug_str     0x001302cc      0x8d3 CMakeFiles/NUCLEO-H563ZI_Demo1.dir/Drivers/STM32H5xx_HAL_Driver/Src/stm32h5xx_hal.c.obj
                             0x12c9d3 (size before relaxing)
 .debug_str     0x00130b9f      0x216 CMakeFiles/NUCLEO-H563ZI_Demo1.dir/Drivers/STM32H5xx_HAL_Driver/Src/stm32h5xx_hal_exti.c.obj
                             0x12b8b9 (size before relaxing)
 .debug_str     0x00130db5      0x9c0 CMakeFiles/NUCLEO-H563ZI_Demo1.dir/Drivers/STM32H5xx_HAL_Driver/Src/stm32h5xx_hal_uart.c.obj
                             0x12c5cd (size before relaxing)
 .debug_str     0x00131775       0x87 CMakeFiles/NUCLEO-H563ZI_Demo1.dir/Core/Src/system_stm32h5xx.c.obj
                             0x12bb87 (size before relaxing)
 .debug_str     0x001317fc       0x5d CMakeFiles/NUCLEO-H563ZI_Demo1.dir/startup_stm32h563xx.s.obj
                                 0x94 (size before relaxing)

.comment        0x00000000       0x43
 .comment       0x00000000       0x43 CMakeFiles/NUCLEO-H563ZI_Demo1.dir/Core/Src/main.c.obj
                                 0x44 (size before relaxing)
 .comment       0x00000043       0x44 CMakeFiles/NUCLEO-H563ZI_Demo1.dir/Core/Src/gpio.c.obj
 .comment       0x00000043       0x44 CMakeFiles/NUCLEO-H563ZI_Demo1.dir/Core/Src/icache.c.obj
 .comment       0x00000043       0x44 CMakeFiles/NUCLEO-H563ZI_Demo1.dir/Core/Src/stm32h5xx_it.c.obj
 .comment       0x00000043       0x44 CMakeFiles/NUCLEO-H563ZI_Demo1.dir/Core/Src/stm32h5xx_hal_msp.c.obj
 .comment       0x00000043       0x44 CMakeFiles/NUCLEO-H563ZI_Demo1.dir/Drivers/BSP/STM32H5xx_Nucleo/stm32h5xx_nucleo.c.obj
 .comment       0x00000043       0x44 CMakeFiles/NUCLEO-H563ZI_Demo1.dir/Drivers/STM32H5xx_HAL_Driver/Src/stm32h5xx_hal_cortex.c.obj
 .comment       0x00000043       0x44 CMakeFiles/NUCLEO-H563ZI_Demo1.dir/Drivers/STM32H5xx_HAL_Driver/Src/stm32h5xx_hal_icache.c.obj
 .comment       0x00000043       0x44 CMakeFiles/NUCLEO-H563ZI_Demo1.dir/Drivers/STM32H5xx_HAL_Driver/Src/stm32h5xx_hal_rcc.c.obj
 .comment       0x00000043       0x44 CMakeFiles/NUCLEO-H563ZI_Demo1.dir/Drivers/STM32H5xx_HAL_Driver/Src/stm32h5xx_hal_rcc_ex.c.obj
 .comment       0x00000043       0x44 CMakeFiles/NUCLEO-H563ZI_Demo1.dir/Drivers/STM32H5xx_HAL_Driver/Src/stm32h5xx_hal_gpio.c.obj
 .comment       0x00000043       0x44 CMakeFiles/NUCLEO-H563ZI_Demo1.dir/Drivers/STM32H5xx_HAL_Driver/Src/stm32h5xx_hal.c.obj
 .comment       0x00000043       0x44 CMakeFiles/NUCLEO-H563ZI_Demo1.dir/Drivers/STM32H5xx_HAL_Driver/Src/stm32h5xx_hal_exti.c.obj
 .comment       0x00000043       0x44 CMakeFiles/NUCLEO-H563ZI_Demo1.dir/Drivers/STM32H5xx_HAL_Driver/Src/stm32h5xx_hal_uart.c.obj
 .comment       0x00000043       0x44 CMakeFiles/NUCLEO-H563ZI_Demo1.dir/Core/Src/system_stm32h5xx.c.obj

.debug_line_str
                0x00000000       0x78
 .debug_line_str
                0x00000000       0x78 CMakeFiles/NUCLEO-H563ZI_Demo1.dir/startup_stm32h563xx.s.obj
